▲ Next.js 16.1.6 (Turbopack)
- Environments: .env.local

  Creating an optimized production build ...
✓ Compiled successfully in 26.8s
  Running TypeScript ...
  Collecting page data using 11 workers ...
  Generating static pages using 11 workers (0/12) ...
  Generating static pages using 11 workers (3/12) 
  Generating static pages using 11 workers (6/12) 
  Generating static pages using 11 workers (9/12) 
✓ Generating static pages using 11 workers (12/12) in 1124.0ms
  Finalizing page optimization ...

Route (app)
┌ ○ /
├ ○ /_not-found
├ ○ /about-me
├ ○ /admin
├ ƒ /api/auth
├ ƒ /api/comments
├ ƒ /api/posts
├ ƒ /api/posts/[id]
├ ƒ /api/projects
├ ƒ /api/projects/[id]
├ ○ /blog
├ ƒ /blog/[id]
├ ○ /contact-me
└ ○ /icon.png


○  (Static)   prerendered as static content
ƒ  (Dynamic)  server-rendered on demand

